03:50:40 answering clarify: {"GAP-052":"5-point numeric scale (1–5, where 1=lowest risk/best credit, 5=highest risk/reject) with DSCR ≥1.50 = grade 1, 1.25–1.49 = grade
03:57:24 resume(clarify) exited 0
03:57:29 answering design-select: {"chosen_option":"option-2"}
04:00:53 resume(design-select) exited 0
04:00:58 answering design-review: {"approved":"yes","notes":"Approved. Keep the pipeline board as the home screen."}
04:00:58 resume(design-review) exited 0
04:01:03 answering design-review: {"approved":"yes","notes":"Approved. Keep the pipeline board as the home screen."}
04:01:03 resume(design-review) exited 0
04:01:08 answering design-review: {"approved":"yes","notes":"Approved. Keep the pipeline board as the home screen."}
04:01:08 resume(design-review) exited 0
04:01:13 answering design-review: {"approved":"yes","notes":"Approved. Keep the pipeline board as the home screen."}
04:01:14 resume(design-review) exited 0
04:01:19 answering design-review: {"approved":"yes","notes":"Approved. Keep the pipeline board as the home screen."}
04:01:19 resume(design-review) exited 0
04:01:24 answering design-review: {"approved":"yes","notes":"Approved. Keep the pipeline board as the home screen."}
04:01:24 resume(design-review) exited 0
04:01:29 answering design-review: {"approved":"yes","notes":"Approved. Keep the pipeline board as the home screen."}
04:01:29 resume(design-review) exited 0
04:01:34 answering design-review: {"approved":"yes","notes":"Approved. Keep the pipeline board as the home screen."}
04:01:35 resume(design-review) exited 0
04:01:40 answering design-review: {"approved":"yes","notes":"Approved. Keep the pipeline board as the home screen."}
04:01:40 resume(design-review) exited 0
04:01:45 answering design-review: {"approved":"yes","notes":"Approved. Keep the pipeline board as the home screen."}
04:01:45 resume(design-review) exited 0
04:01:50 answering design-review: {"approved":"yes","notes":"Approved. Keep the pipeline board as the home screen."}
04:01:50 resume(design-review) exited 0
04:01:55 answering design-review: {"approved":"yes","notes":"Approved. Keep the pipeline board as the home screen."}
04:01:55 resume(design-review) exited 0
04:02:00 answering design-review: {"approved":"yes","notes":"Approved. Keep the pipeline board as the home screen."}
04:02:01 resume(design-review) exited 0
04:02:06 answering design-review: {"approved":"yes","notes":"Approved. Keep the pipeline board as the home screen."}
04:02:06 resume(design-review) exited 0
04:02:11 answering design-review: {"approved":"yes","notes":"Approved. Keep the pipeline board as the home screen."}
04:02:11 resume(design-review) exited 0
04:02:16 answering design-review: {"approved":"yes","notes":"Approved. Keep the pipeline board as the home screen."}
04:02:16 resume(design-review) exited 0
04:02:21 answering design-review: {"approved":"yes","notes":"Approved. Keep the pipeline board as the home screen."}
04:02:22 resume(design-review) exited 0
04:02:27 answering design-review: {"approved":"yes","notes":"Approved. Keep the pipeline board as the home screen."}
04:02:27 resume(design-review) exited 0
04:02:32 answering design-review: {"approved":"yes","notes":"Approved. Keep the pipeline board as the home screen."}
04:02:32 resume(design-review) exited 0
04:02:37 answering design-review: {"approved":"yes","notes":"Approved. Keep the pipeline board as the home screen."}
04:02:37 resume(design-review) exited 0
04:02:42 answering design-review: {"approved":"yes","notes":"Approved. Keep the pipeline board as the home screen."}
04:02:42 resume(design-review) exited 0
04:02:47 answering design-review: {"approved":"yes","notes":"Approved. Keep the pipeline board as the home screen."}
04:02:48 resume(design-review) exited 0
04:02:53 answering design-review: {"approved":"yes","notes":"Approved. Keep the pipeline board as the home screen."}
04:02:53 resume(design-review) exited 0
04:02:58 answering design-review: {"approved":"yes","notes":"Approved. Keep the pipeline board as the home screen."}
04:02:58 resume(design-review) exited 0
04:03:03 answering design-review: {"approved":"yes","notes":"Approved. Keep the pipeline board as the home screen."}
04:03:03 resume(design-review) exited 0
04:03:08 answering design-review: {"approved":"yes","notes":"Approved. Keep the pipeline board as the home screen."}
04:03:09 resume(design-review) exited 0
04:03:14 answering design-review: {"approved":"yes","notes":"Approved. Keep the pipeline board as the home screen."}
04:03:14 resume(design-review) exited 0
04:03:19 answering design-review: {"approved":"yes","notes":"Approved. Keep the pipeline board as the home screen."}
04:03:19 resume(design-review) exited 0
04:03:24 answering design-review: {"approved":"yes","notes":"Approved. Keep the pipeline board as the home screen."}
04:03:24 resume(design-review) exited 0
04:03:29 answering design-review: {"approved":"yes","notes":"Approved. Keep the pipeline board as the home screen."}
04:03:29 resume(design-review) exited 0
04:03:34 answering design-review: {"approved":"yes","notes":"Approved. Keep the pipeline board as the home screen."}
04:03:35 resume(design-review) exited 0
04:03:40 answering design-review: {"approved":"yes","notes":"Approved. Keep the pipeline board as the home screen."}
04:03:40 resume(design-review) exited 0
04:03:45 answering design-review: {"approved":"yes","notes":"Approved. Keep the pipeline board as the home screen."}
04:03:45 resume(design-review) exited 0
04:03:50 answering design-review: {"approved":"yes","notes":"Approved. Keep the pipeline board as the home screen."}
04:03:50 resume(design-review) exited 0
04:03:55 answering design-review: {"approved":"yes","notes":"Approved. Keep the pipeline board as the home screen."}
04:03:56 resume(design-review) exited 0
04:04:01 answering design-review: {"approved":"yes","notes":"Approved. Keep the pipeline board as the home screen."}
04:04:01 resume(design-review) exited 0
04:04:06 answering design-review: {"approved":"yes","notes":"Approved. Keep the pipeline board as the home screen."}
04:04:06 resume(design-review) exited 0
04:04:11 answering design-review: {"approved":"yes","notes":"Approved. Keep the pipeline board as the home screen."}
04:04:11 resume(design-review) exited 0
04:04:16 answering design-review: {"approved":"yes","notes":"Approved. Keep the pipeline board as the home screen."}
04:04:17 resume(design-review) exited 0
04:04:22 answering design-review: {"approved":"yes","notes":"Approved. Keep the pipeline board as the home screen."}
04:04:22 resume(design-review) exited 0
04:04:27 answering design-review: {"approved":"yes","notes":"Approved. Keep the pipeline board as the home screen."}
04:04:27 resume(design-review) exited 0
04:04:32 answering design-review: {"approved":"yes","notes":"Approved. Keep the pipeline board as the home screen."}
04:04:32 resume(design-review) exited 0
04:04:37 answering design-review: {"approved":"yes","notes":"Approved. Keep the pipeline board as the home screen."}
04:04:37 resume(design-review) exited 0
04:04:42 answering design-review: {"approved":"yes","notes":"Approved. Keep the pipeline board as the home screen."}
04:04:43 resume(design-review) exited 0
04:04:48 answering design-review: {"approved":"yes","notes":"Approved. Keep the pipeline board as the home screen."}
04:04:48 resume(design-review) exited 0
04:04:53 answering design-review: {"approved":"yes","notes":"Approved. Keep the pipeline board as the home screen."}
04:04:53 resume(design-review) exited 0
04:04:58 answering design-review: {"approved":"yes","notes":"Approved. Keep the pipeline board as the home screen."}
04:04:58 resume(design-review) exited 0
04:05:03 answering design-review: {"approved":"yes","notes":"Approved. Keep the pipeline board as the home screen."}
04:05:04 resume(design-review) exited 0
04:05:09 answering design-review: {"approved":"yes","notes":"Approved. Keep the pipeline board as the home screen."}
04:05:09 resume(design-review) exited 0
04:05:14 answering design-review: {"approved":"yes","notes":"Approved. Keep the pipeline board as the home screen."}
04:05:14 resume(design-review) exited 0
04:05:19 answering design-review: {"approved":"yes","notes":"Approved. Keep the pipeline board as the home screen."}
04:05:19 resume(design-review) exited 0
04:05:24 answering design-review: {"approved":"yes","notes":"Approved. Keep the pipeline board as the home screen."}
04:05:24 resume(design-review) exited 0
04:05:29 answering design-review: {"approved":"yes","notes":"Approved. Keep the pipeline board as the home screen."}
04:05:30 resume(design-review) exited 0
04:05:35 answering design-review: {"approved":"yes","notes":"Approved. Keep the pipeline board as the home screen."}
04:05:35 resume(design-review) exited 0
04:05:40 answering design-review: {"approved":"yes","notes":"Approved. Keep the pipeline board as the home screen."}
04:05:40 resume(design-review) exited 0
04:05:45 answering design-review: {"approved":"yes","notes":"Approved. Keep the pipeline board as the home screen."}
04:05:45 resume(design-review) exited 0
04:05:50 answering design-review: {"approved":"yes","notes":"Approved. Keep the pipeline board as the home screen."}
04:05:51 resume(design-review) exited 0
04:05:56 answering design-review: {"approved":"yes","notes":"Approved. Keep the pipeline board as the home screen."}
04:05:56 resume(design-review) exited 0
04:06:01 answering design-review: {"approved":"yes","notes":"Approved. Keep the pipeline board as the home screen."}
04:06:01 resume(design-review) exited 0
04:06:06 answering design-review: {"approved":"yes","notes":"Approved. Keep the pipeline board as the home screen."}
04:06:06 resume(design-review) exited 0
04:06:11 answering design-review: {"approved":"yes","notes":"Approved. Keep the pipeline board as the home screen."}
04:06:11 resume(design-review) exited 0
04:06:16 answering design-review: {"approved":"yes","notes":"Approved. Keep the pipeline board as the home screen."}
04:06:17 resume(design-review) exited 0
04:06:22 answering design-review: {"approved":"yes","notes":"Approved. Keep the pipeline board as the home screen."}
04:06:22 resume(design-review) exited 0
04:06:27 answering design-review: {"approved":"yes","notes":"Approved. Keep the pipeline board as the home screen."}
04:06:27 resume(design-review) exited 0
04:06:32 answering design-review: {"approved":"yes","notes":"Approved. Keep the pipeline board as the home screen."}
04:06:32 resume(design-review) exited 0
04:06:37 answering design-review: {"approved":"yes","notes":"Approved. Keep the pipeline board as the home screen."}
04:06:38 resume(design-review) exited 0
04:06:43 answering design-review: {"approved":"yes","notes":"Approved. Keep the pipeline board as the home screen."}
04:06:43 resume(design-review) exited 0
04:06:48 answering design-review: {"approved":"yes","notes":"Approved. Keep the pipeline board as the home screen."}
04:06:48 resume(design-review) exited 0
04:06:53 answering design-review: {"approved":"yes","notes":"Approved. Keep the pipeline board as the home screen."}
04:06:53 resume(design-review) exited 0
04:06:58 answering design-review: {"approved":"yes","notes":"Approved. Keep the pipeline board as the home screen."}
04:06:58 resume(design-review) exited 0
04:07:03 answering design-review: {"approved":"yes","notes":"Approved. Keep the pipeline board as the home screen."}
04:07:04 resume(design-review) exited 0
04:07:09 answering design-review: {"approved":"yes","notes":"Approved. Keep the pipeline board as the home screen."}
04:07:09 resume(design-review) exited 0
04:07:14 answering design-review: {"approved":"yes","notes":"Approved. Keep the pipeline board as the home screen."}
04:07:14 resume(design-review) exited 0
04:07:19 answering design-review: {"approved":"yes","notes":"Approved. Keep the pipeline board as the home screen."}
04:07:19 resume(design-review) exited 0
04:07:24 answering design-review: {"approved":"yes","notes":"Approved. Keep the pipeline board as the home screen."}
04:07:25 resume(design-review) exited 0
04:07:30 answering design-review: {"approved":"yes","notes":"Approved. Keep the pipeline board as the home screen."}
04:07:30 resume(design-review) exited 0
04:07:35 answering design-review: {"approved":"yes","notes":"Approved. Keep the pipeline board as the home screen."}
04:07:35 resume(design-review) exited 0
04:07:40 answering design-review: {"approved":"yes","notes":"Approved. Keep the pipeline board as the home screen."}
04:07:40 resume(design-review) exited 0
04:07:45 answering design-review: {"approved":"yes","notes":"Approved. Keep the pipeline board as the home screen."}
04:07:45 resume(design-review) exited 0
04:07:50 answering design-review: {"approved":"yes","notes":"Approved. Keep the pipeline board as the home screen."}
04:07:51 resume(design-review) exited 0
04:07:56 answering design-review: {"approved":"yes","notes":"Approved. Keep the pipeline board as the home screen."}
04:07:56 resume(design-review) exited 0
04:08:01 answering design-review: {"approved":"yes","notes":"Approved. Keep the pipeline board as the home screen."}
04:08:01 resume(design-review) exited 0
04:08:06 answering design-review: {"approved":"yes","notes":"Approved. Keep the pipeline board as the home screen."}
04:08:06 resume(design-review) exited 0
04:08:11 answering design-review: {"approved":"yes","notes":"Approved. Keep the pipeline board as the home screen."}
04:08:11 resume(design-review) exited 0
04:08:16 answering design-review: {"approved":"yes","notes":"Approved. Keep the pipeline board as the home screen."}
04:08:17 resume(design-review) exited 0
04:08:22 answering design-review: {"approved":"yes","notes":"Approved. Keep the pipeline board as the home screen."}
04:08:22 resume(design-review) exited 0
04:08:27 answering design-review: {"approved":"yes","notes":"Approved. Keep the pipeline board as the home screen."}
04:08:27 resume(design-review) exited 0
04:08:32 answering design-review: {"approved":"yes","notes":"Approved. Keep the pipeline board as the home screen."}
04:08:32 resume(design-review) exited 0
04:08:37 answering design-review: {"approved":"yes","notes":"Approved. Keep the pipeline board as the home screen."}
04:08:38 resume(design-review) exited 0
04:08:43 answering design-review: {"approved":"yes","notes":"Approved. Keep the pipeline board as the home screen."}
04:08:43 resume(design-review) exited 0
04:08:48 answering design-review: {"approved":"yes","notes":"Approved. Keep the pipeline board as the home screen."}
04:08:48 resume(design-review) exited 0
04:08:53 answering design-review: {"approved":"yes","notes":"Approved. Keep the pipeline board as the home screen."}
04:08:53 resume(design-review) exited 0
04:08:58 answering design-review: {"approved":"yes","notes":"Approved. Keep the pipeline board as the home screen."}
04:08:58 resume(design-review) exited 0
04:09:03 answering design-review: {"approved":"yes","notes":"Approved. Keep the pipeline board as the home screen."}
04:09:04 resume(design-review) exited 0
04:09:09 answering design-review: {"approved":"yes","notes":"Approved. Keep the pipeline board as the home screen."}
04:09:09 resume(design-review) exited 0
04:09:14 answering design-review: {"approved":"yes","notes":"Approved. Keep the pipeline board as the home screen."}
04:09:14 resume(design-review) exited 0
04:09:19 answering design-review: {"approved":"yes","notes":"Approved. Keep the pipeline board as the home screen."}
04:09:19 resume(design-review) exited 0
04:09:24 answering design-review: {"approved":"yes","notes":"Approved. Keep the pipeline board as the home screen."}
04:09:25 resume(design-review) exited 0
04:09:30 answering design-review: {"approved":"yes","notes":"Approved. Keep the pipeline board as the home screen."}
04:09:30 resume(design-review) exited 0
04:09:35 answering design-review: {"approved":"yes","notes":"Approved. Keep the pipeline board as the home screen."}
04:09:35 resume(design-review) exited 0
04:09:40 answering design-review: {"approved":"yes","notes":"Approved. Keep the pipeline board as the home screen."}
04:09:40 resume(design-review) exited 0
04:09:45 answering design-review: {"approved":"yes","notes":"Approved. Keep the pipeline board as the home screen."}
04:09:45 resume(design-review) exited 0
04:09:50 answering design-review: {"approved":"yes","notes":"Approved. Keep the pipeline board as the home screen."}
04:09:51 resume(design-review) exited 0
04:09:56 answering design-review: {"approved":"yes","notes":"Approved. Keep the pipeline board as the home screen."}
04:09:56 resume(design-review) exited 0
04:10:01 answering design-review: {"approved":"yes","notes":"Approved. Keep the pipeline board as the home screen."}
04:10:01 resume(design-review) exited 0
04:10:06 answering design-review: {"approved":"yes","notes":"Approved. Keep the pipeline board as the home screen."}
04:10:06 resume(design-review) exited 0
04:10:12 answering design-review: {"approved":"yes","notes":"Approved. Keep the pipeline board as the home screen."}
04:10:12 resume(design-review) exited 0
04:10:17 answering design-review: {"approved":"yes","notes":"Approved. Keep the pipeline board as the home screen."}
04:10:17 resume(design-review) exited 0
04:10:22 answering design-review: {"approved":"yes","notes":"Approved. Keep the pipeline board as the home screen."}
04:10:22 resume(design-review) exited 0
04:10:27 answering design-review: {"approved":"yes","notes":"Approved. Keep the pipeline board as the home screen."}
04:10:27 resume(design-review) exited 0
04:10:32 answering design-review: {"approved":"yes","notes":"Approved. Keep the pipeline board as the home screen."}
04:10:33 resume(design-review) exited 0
04:10:38 answering design-review: {"approved":"yes","notes":"Approved. Keep the pipeline board as the home screen."}
04:10:38 resume(design-review) exited 0
04:10:43 answering design-review: {"approved":"yes","notes":"Approved. Keep the pipeline board as the home screen."}
04:10:43 resume(design-review) exited 0
04:10:48 answering design-review: {"approved":"yes","notes":"Approved. Keep the pipeline board as the home screen."}
04:10:48 resume(design-review) exited 0
04:10:53 answering design-review: {"approved":"yes","notes":"Approved. Keep the pipeline board as the home screen."}
04:10:54 resume(design-review) exited 0
04:10:59 answering design-review: {"approved":"yes","notes":"Approved. Keep the pipeline board as the home screen."}
04:10:59 resume(design-review) exited 0
04:11:04 answering design-review: {"approved":"yes","notes":"Approved. Keep the pipeline board as the home screen."}
04:11:04 resume(design-review) exited 0
04:11:09 answering design-review: {"approved":"yes","notes":"Approved. Keep the pipeline board as the home screen."}
04:11:09 resume(design-review) exited 0
04:11:14 answering design-review: {"approved":"yes","notes":"Approved. Keep the pipeline board as the home screen."}
04:11:14 resume(design-review) exited 0
04:11:19 answering design-review: {"approved":"yes","notes":"Approved. Keep the pipeline board as the home screen."}
04:11:20 resume(design-review) exited 0
04:11:25 answering design-review: {"approved":"yes","notes":"Approved. Keep the pipeline board as the home screen."}
04:11:25 resume(design-review) exited 0
04:11:30 answering design-review: {"approved":"yes","notes":"Approved. Keep the pipeline board as the home screen."}
04:11:30 resume(design-review) exited 0
04:11:35 answering design-review: {"approved":"yes","notes":"Approved. Keep the pipeline board as the home screen."}
04:11:35 resume(design-review) exited 0
04:11:40 answering design-review: {"approved":"yes","notes":"Approved. Keep the pipeline board as the home screen."}
04:11:41 resume(design-review) exited 0
04:11:46 answering design-review: {"approved":"yes","notes":"Approved. Keep the pipeline board as the home screen."}
04:11:46 resume(design-review) exited 0
04:11:51 answering design-review: {"approved":"yes","notes":"Approved. Keep the pipeline board as the home screen."}
04:11:51 resume(design-review) exited 0
04:11:56 answering design-review: {"approved":"yes","notes":"Approved. Keep the pipeline board as the home screen."}
04:11:56 resume(design-review) exited 0
04:12:01 answering design-review: {"approved":"yes","notes":"Approved. Keep the pipeline board as the home screen."}
04:12:01 resume(design-review) exited 0
04:12:06 answering design-review: {"approved":"yes","notes":"Approved. Keep the pipeline board as the home screen."}
04:12:07 resume(design-review) exited 0
04:12:12 answering design-review: {"approved":"yes","notes":"Approved. Keep the pipeline board as the home screen."}
04:12:12 resume(design-review) exited 0
04:12:17 answering design-review: {"approved":"yes","notes":"Approved. Keep the pipeline board as the home screen."}
04:12:17 resume(design-review) exited 0
04:12:22 answering design-review: {"approved":"yes","notes":"Approved. Keep the pipeline board as the home screen."}
