resuming agentic-app@0.12.0

run parked (design-review)
  intake               gate           committed
  ingest               agent          committed
  requirements-synthesis agent          committed
  gap-questions        agent          committed
  clarify              gate           committed
  architecture         agent          committed
  budget-check         verifier       committed
  screen-inventory     agent          committed
  design-option-1      agent          committed
  design-option-2      agent          committed
  design-option-3      agent          committed
  design-assemble      deterministic  committed
  design-check         verifier       committed
  design-select        gate           committed
  design-contract      deterministic  committed
  data-design          agent          committed
  agent-design         agent          committed
  workflow-design      agent          committed
  traceability         deterministic  committed
  design-review        gate           pending
  scaffold             deterministic  pending
  slice-plan           agent          pending
  slice-1              agent          pending
  slice-2              agent          pending
  slice-3              agent          pending
  slice-4              agent          pending
  slice-5              agent          pending
  slice-6              agent          pending
  review-slice-1       gate           pending
  review-slice-2       gate           pending
  review-slice-3       gate           pending
  review-slice-4       gate           pending
  review-slice-5       gate           pending
  review-slice-6       gate           pending
  merge-slices         deterministic  pending
  slice-audit          agent          pending
  integrate            verifier       pending
  design-coverage      deterministic  pending
  security-scan        verifier       pending
  governance-report    deterministic  pending
  uat                  gate           pending
  deploy               deterministic  pending
  total cost: $9.6965
  workspace:  /Users/nbalawat/development/harness/underwriting-desk-v12
