reopening failed node(s): merge-slices
resuming agentic-app@0.12.0

run failed (merge-slices)
  intake               gate           committed
  ingest               agent          committed
  requirements-synthesis agent          committed
  gap-questions        agent          committed
  clarify              gate           committed
  architecture         agent          committed
  budget-check         verifier       committed
  screen-inventory     agent          committed
  design-option-1      agent          committed
  design-option-2      agent          committed
  design-option-3      agent          committed
  design-assemble      deterministic  committed
  design-check         verifier       committed
  design-select        gate           committed
  design-contract      deterministic  committed
  data-design          agent          committed
  agent-design         agent          committed
  workflow-design      agent          committed
  traceability         deterministic  committed
  design-review        gate           committed
  scaffold             deterministic  committed
  slice-plan           agent          committed
  slice-1              agent          committed
  slice-2              agent          committed
  slice-3              agent          committed
  slice-4              agent          committed
  slice-5              agent          committed
  slice-6              agent          skipped
  review-slice-1       gate           committed
  review-slice-2       gate           committed
  review-slice-3       gate           committed
  review-slice-4       gate           committed
  review-slice-5       gate           committed
  review-slice-6       gate           skipped
  merge-slices         deterministic  FAILED
  slice-audit          agent          pending
  integrate            verifier       pending
  design-coverage      deterministic  pending
  security-scan        verifier       pending
  governance-report    deterministic  pending
  uat                  gate           pending
  deploy               deterministic  pending
  total cost: $91.8692
  workspace:  /Users/nbalawat/development/harness/underwriting-desk-v12
